[2026-04-06 11:00:28.204] [jointLog] [info] setting maxHashResizeThreads to 16
[2026-04-06 11:00:28.204] [jointLog] [info] Fragment incompatibility prior below threshold.  Incompatible fragments will be ignored.
[2026-04-06 11:00:28.204] [jointLog] [info] Usage of --validateMappings implies use of minScoreFraction. Since not explicitly specified, it is being set to 0.65
[2026-04-06 11:00:28.204] [jointLog] [info] Setting consensusSlack to selective-alignment default of 0.35.
[2026-04-06 11:00:28.204] [jointLog] [info] parsing read library format
[2026-04-06 11:00:28.205] [jointLog] [info] There is 1 library.
[2026-04-06 11:00:28.211] [jointLog] [info] Loading pufferfish index
[2026-04-06 11:00:28.214] [jointLog] [info] Loading dense pufferfish index.
[2026-04-06 11:00:28.693] [jointLog] [info] done
[2026-04-06 11:00:28.749] [jointLog] [info] Index contained 86877 targets
[2026-04-06 11:00:28.756] [jointLog] [info] Number of decoys : 0
[2026-04-06 11:00:29.210] [jointLog] [info] Automatically detected most likely library type as IU

[2026-04-06 11:02:18.304] [jointLog] [info] Computed 197188 rich equivalence classes for further processing
[2026-04-06 11:02:18.304] [jointLog] [info] Counted 23539511 total reads in the equivalence classes 
[2026-04-06 11:02:18.319] [jointLog] [info] Number of mappings discarded because of alignment score : 9340000
[2026-04-06 11:02:18.319] [jointLog] [info] Number of fragments entirely discarded because of alignment score : 1819175
[2026-04-06 11:02:18.319] [jointLog] [info] Number of fragments discarded because they are best-mapped to decoys : 0
[2026-04-06 11:02:18.319] [jointLog] [info] Number of fragments discarded because they have only dovetail (discordant) mappings to valid targets : 109357
[2026-04-06 11:02:18.319] [jointLog] [info] Mapping rate = 88.3616%

[2026-04-06 11:02:18.319] [jointLog] [info] finished quantifyLibrary()
[2026-04-06 11:02:18.325] [jointLog] [info] Starting optimizer
[2026-04-06 11:02:18.353] [jointLog] [info] Marked 0 weighted equivalence classes as degenerate
[2026-04-06 11:02:18.359] [jointLog] [info] iteration = 0 | max rel diff. = 14330.6
[2026-04-06 11:02:18.304] [fileLog] [info] 
At end of round 0
==================
Observed 26639972 total fragments (26639972 in most recent round)

[2026-04-06 11:02:18.913] [jointLog] [info] iteration = 100 | max rel diff. = 2.06951
[2026-04-06 11:02:19.466] [jointLog] [info] iteration = 200 | max rel diff. = 16.3536
[2026-04-06 11:02:20.021] [jointLog] [info] iteration = 300 | max rel diff. = 0.22474
[2026-04-06 11:02:20.579] [jointLog] [info] iteration = 400 | max rel diff. = 0.0311662
[2026-04-06 11:02:21.132] [jointLog] [info] iteration = 500 | max rel diff. = 0.0139969
[2026-04-06 11:02:21.686] [jointLog] [info] iteration = 600 | max rel diff. = 8.23287
[2026-04-06 11:02:22.239] [jointLog] [info] iteration = 700 | max rel diff. = 0.150322
[2026-04-06 11:02:22.643] [jointLog] [info] iteration = 774 | max rel diff. = 0.00125269
[2026-04-06 11:02:22.646] [jointLog] [info] Finished optimizer
[2026-04-06 11:02:22.646] [jointLog] [info] writing output 

