[2026-04-06 10:57:04.442] [jointLog] [info] setting maxHashResizeThreads to 16
[2026-04-06 10:57:04.442] [jointLog] [info] Fragment incompatibility prior below threshold.  Incompatible fragments will be ignored.
[2026-04-06 10:57:04.442] [jointLog] [info] Usage of --validateMappings implies use of minScoreFraction. Since not explicitly specified, it is being set to 0.65
[2026-04-06 10:57:04.442] [jointLog] [info] Setting consensusSlack to selective-alignment default of 0.35.
[2026-04-06 10:57:04.442] [jointLog] [info] parsing read library format
[2026-04-06 10:57:04.443] [jointLog] [info] There is 1 library.
[2026-04-06 10:57:04.451] [jointLog] [info] Loading pufferfish index
[2026-04-06 10:57:04.453] [jointLog] [info] Loading dense pufferfish index.
[2026-04-06 10:57:04.921] [jointLog] [info] done
[2026-04-06 10:57:04.975] [jointLog] [info] Index contained 86877 targets
[2026-04-06 10:57:04.982] [jointLog] [info] Number of decoys : 0
[2026-04-06 10:57:05.508] [jointLog] [info] Automatically detected most likely library type as IU

[2026-04-06 10:58:56.291] [jointLog] [info] Computed 184658 rich equivalence classes for further processing
[2026-04-06 10:58:56.291] [jointLog] [info] Counted 19678567 total reads in the equivalence classes 
[2026-04-06 10:58:56.307] [jointLog] [info] Number of mappings discarded because of alignment score : 9075411
[2026-04-06 10:58:56.307] [jointLog] [info] Number of fragments entirely discarded because of alignment score : 1509246
[2026-04-06 10:58:56.307] [jointLog] [info] Number of fragments discarded because they are best-mapped to decoys : 0
[2026-04-06 10:58:56.307] [jointLog] [info] Number of fragments discarded because they have only dovetail (discordant) mappings to valid targets : 82648
[2026-04-06 10:58:56.307] [jointLog] [info] Mapping rate = 88.0605%

[2026-04-06 10:58:56.307] [jointLog] [info] finished quantifyLibrary()
[2026-04-06 10:58:56.314] [jointLog] [info] Starting optimizer
[2026-04-06 10:58:56.342] [jointLog] [info] Marked 0 weighted equivalence classes as degenerate
[2026-04-06 10:58:56.349] [jointLog] [info] iteration = 0 | max rel diff. = 13738.3
[2026-04-06 10:58:56.291] [fileLog] [info] 
At end of round 0
==================
Observed 22346650 total fragments (22346650 in most recent round)

[2026-04-06 10:58:56.977] [jointLog] [info] iteration = 100 | max rel diff. = 0.710289
[2026-04-06 10:58:57.605] [jointLog] [info] iteration = 200 | max rel diff. = 0.129708
[2026-04-06 10:58:58.233] [jointLog] [info] iteration = 300 | max rel diff. = 0.0537444
[2026-04-06 10:58:58.861] [jointLog] [info] iteration = 400 | max rel diff. = 0.120663
[2026-04-06 10:58:59.262] [jointLog] [info] iteration = 465 | max rel diff. = 0.00467988
[2026-04-06 10:58:59.265] [jointLog] [info] Finished optimizer
[2026-04-06 10:58:59.265] [jointLog] [info] writing output 

