[2026-04-06 11:02:24.289] [jointLog] [info] setting maxHashResizeThreads to 16
[2026-04-06 11:02:24.289] [jointLog] [info] Fragment incompatibility prior below threshold.  Incompatible fragments will be ignored.
[2026-04-06 11:02:24.289] [jointLog] [info] Usage of --validateMappings implies use of minScoreFraction. Since not explicitly specified, it is being set to 0.65
[2026-04-06 11:02:24.289] [jointLog] [info] Setting consensusSlack to selective-alignment default of 0.35.
[2026-04-06 11:02:24.289] [jointLog] [info] parsing read library format
[2026-04-06 11:02:24.290] [jointLog] [info] There is 1 library.
[2026-04-06 11:02:24.295] [jointLog] [info] Loading pufferfish index
[2026-04-06 11:02:24.297] [jointLog] [info] Loading dense pufferfish index.
[2026-04-06 11:02:24.779] [jointLog] [info] done
[2026-04-06 11:02:24.834] [jointLog] [info] Index contained 86877 targets
[2026-04-06 11:02:24.841] [jointLog] [info] Number of decoys : 0
[2026-04-06 11:02:25.447] [jointLog] [info] Automatically detected most likely library type as IU

[2026-04-06 11:04:48.465] [fileLog] [info] 
At end of round 0
==================
Observed 23202111 total fragments (23202111 in most recent round)

[2026-04-06 11:04:48.465] [jointLog] [info] Computed 183014 rich equivalence classes for further processing
[2026-04-06 11:04:48.465] [jointLog] [info] Counted 20953847 total reads in the equivalence classes 
[2026-04-06 11:04:48.483] [jointLog] [info] Number of mappings discarded because of alignment score : 11423472
[2026-04-06 11:04:48.483] [jointLog] [info] Number of fragments entirely discarded because of alignment score : 1368697
[2026-04-06 11:04:48.483] [jointLog] [info] Number of fragments discarded because they are best-mapped to decoys : 0
[2026-04-06 11:04:48.483] [jointLog] [info] Number of fragments discarded because they have only dovetail (discordant) mappings to valid targets : 69175
[2026-04-06 11:04:48.483] [jointLog] [info] Mapping rate = 90.3101%

[2026-04-06 11:04:48.483] [jointLog] [info] finished quantifyLibrary()
[2026-04-06 11:04:48.491] [jointLog] [info] Starting optimizer
[2026-04-06 11:04:48.519] [jointLog] [info] Marked 0 weighted equivalence classes as degenerate
[2026-04-06 11:04:48.526] [jointLog] [info] iteration = 0 | max rel diff. = 14002
[2026-04-06 11:04:49.242] [jointLog] [info] iteration = 100 | max rel diff. = 0.53033
[2026-04-06 11:04:49.960] [jointLog] [info] iteration = 200 | max rel diff. = 0.139184
[2026-04-06 11:04:50.676] [jointLog] [info] iteration = 300 | max rel diff. = 1.41638
[2026-04-06 11:04:51.392] [jointLog] [info] iteration = 400 | max rel diff. = 11.0778
[2026-04-06 11:04:52.108] [jointLog] [info] iteration = 500 | max rel diff. = 0.0324452
[2026-04-06 11:04:52.823] [jointLog] [info] iteration = 600 | max rel diff. = 0.0561246
[2026-04-06 11:04:53.539] [jointLog] [info] iteration = 700 | max rel diff. = 0.0285927
[2026-04-06 11:04:53.782] [jointLog] [info] iteration = 735 | max rel diff. = 0.0022793
[2026-04-06 11:04:53.785] [jointLog] [info] Finished optimizer
[2026-04-06 11:04:53.785] [jointLog] [info] writing output 

