[2026-04-06 11:17:16.252] [jointLog] [info] setting maxHashResizeThreads to 16
[2026-04-06 11:17:16.252] [jointLog] [info] Fragment incompatibility prior below threshold.  Incompatible fragments will be ignored.
[2026-04-06 11:17:16.252] [jointLog] [info] Usage of --validateMappings implies use of minScoreFraction. Since not explicitly specified, it is being set to 0.65
[2026-04-06 11:17:16.252] [jointLog] [info] Setting consensusSlack to selective-alignment default of 0.35.
[2026-04-06 11:17:16.253] [jointLog] [info] parsing read library format
[2026-04-06 11:17:16.254] [jointLog] [info] There is 1 library.
[2026-04-06 11:17:16.261] [jointLog] [info] Loading pufferfish index
[2026-04-06 11:17:16.273] [jointLog] [info] Loading dense pufferfish index.
[2026-04-06 11:17:16.764] [jointLog] [info] done
[2026-04-06 11:17:16.822] [jointLog] [info] Index contained 86877 targets
[2026-04-06 11:17:16.829] [jointLog] [info] Number of decoys : 0
[2026-04-06 11:17:17.420] [jointLog] [info] Automatically detected most likely library type as IU

[2026-04-06 11:19:37.085] [jointLog] [info] Computed 188165 rich equivalence classes for further processing
[2026-04-06 11:19:37.085] [jointLog] [info] Counted 22087829 total reads in the equivalence classes 
[2026-04-06 11:19:37.109] [jointLog] [info] Number of mappings discarded because of alignment score : 11369256
[2026-04-06 11:19:37.109] [jointLog] [info] Number of fragments entirely discarded because of alignment score : 1474007
[2026-04-06 11:19:37.109] [jointLog] [info] Number of fragments discarded because they are best-mapped to decoys : 0
[2026-04-06 11:19:37.109] [jointLog] [info] Number of fragments discarded because they have only dovetail (discordant) mappings to valid targets : 100026
[2026-04-06 11:19:37.109] [jointLog] [info] Mapping rate = 90.1988%

[2026-04-06 11:19:37.109] [jointLog] [info] finished quantifyLibrary()
[2026-04-06 11:19:37.117] [jointLog] [info] Starting optimizer
[2026-04-06 11:19:37.308] [jointLog] [info] Marked 0 weighted equivalence classes as degenerate
[2026-04-06 11:19:37.315] [jointLog] [info] iteration = 0 | max rel diff. = 14188.5
[2026-04-06 11:19:37.086] [fileLog] [info] 
At end of round 0
==================
Observed 24487951 total fragments (24487951 in most recent round)

[2026-04-06 11:19:38.004] [jointLog] [info] iteration = 100 | max rel diff. = 8.24974
[2026-04-06 11:19:38.690] [jointLog] [info] iteration = 200 | max rel diff. = 0.180838
[2026-04-06 11:19:39.380] [jointLog] [info] iteration = 300 | max rel diff. = 0.0324729
[2026-04-06 11:19:40.068] [jointLog] [info] iteration = 400 | max rel diff. = 0.0314038
[2026-04-06 11:19:40.756] [jointLog] [info] iteration = 500 | max rel diff. = 0.0372782
[2026-04-06 11:19:40.932] [jointLog] [info] iteration = 527 | max rel diff. = 0.00586025
[2026-04-06 11:19:40.934] [jointLog] [info] Finished optimizer
[2026-04-06 11:19:40.934] [jointLog] [info] writing output 

