[2026-04-06 11:14:57.406] [jointLog] [info] setting maxHashResizeThreads to 16
[2026-04-06 11:14:57.406] [jointLog] [info] Fragment incompatibility prior below threshold.  Incompatible fragments will be ignored.
[2026-04-06 11:14:57.406] [jointLog] [info] Usage of --validateMappings implies use of minScoreFraction. Since not explicitly specified, it is being set to 0.65
[2026-04-06 11:14:57.406] [jointLog] [info] Setting consensusSlack to selective-alignment default of 0.35.
[2026-04-06 11:14:57.406] [jointLog] [info] parsing read library format
[2026-04-06 11:14:57.407] [jointLog] [info] There is 1 library.
[2026-04-06 11:14:57.413] [jointLog] [info] Loading pufferfish index
[2026-04-06 11:14:57.415] [jointLog] [info] Loading dense pufferfish index.
[2026-04-06 11:14:57.898] [jointLog] [info] done
[2026-04-06 11:14:57.954] [jointLog] [info] Index contained 86877 targets
[2026-04-06 11:14:57.961] [jointLog] [info] Number of decoys : 0
[2026-04-06 11:14:58.535] [jointLog] [info] Automatically detected most likely library type as IU

[2026-04-06 11:17:12.361] [jointLog] [info] Computed 175526 rich equivalence classes for further processing
[2026-04-06 11:17:12.361] [jointLog] [info] Counted 21804153 total reads in the equivalence classes 
[2026-04-06 11:17:12.385] [jointLog] [info] Number of mappings discarded because of alignment score : 10471401
[2026-04-06 11:17:12.385] [jointLog] [info] Number of fragments entirely discarded because of alignment score : 1311192
[2026-04-06 11:17:12.385] [jointLog] [info] Number of fragments discarded because they are best-mapped to decoys : 0
[2026-04-06 11:17:12.385] [jointLog] [info] Number of fragments discarded because they have only dovetail (discordant) mappings to valid targets : 74079
[2026-04-06 11:17:12.385] [jointLog] [info] Mapping rate = 90.8712%

[2026-04-06 11:17:12.385] [jointLog] [info] finished quantifyLibrary()
[2026-04-06 11:17:12.396] [jointLog] [info] Starting optimizer
[2026-04-06 11:17:12.423] [jointLog] [info] Marked 0 weighted equivalence classes as degenerate
[2026-04-06 11:17:12.430] [jointLog] [info] iteration = 0 | max rel diff. = 14144.9
[2026-04-06 11:17:12.361] [fileLog] [info] 
At end of round 0
==================
Observed 23994557 total fragments (23994557 in most recent round)

[2026-04-06 11:17:13.069] [jointLog] [info] iteration = 100 | max rel diff. = 5.47537
[2026-04-06 11:17:13.704] [jointLog] [info] iteration = 200 | max rel diff. = 0.152723
[2026-04-06 11:17:14.340] [jointLog] [info] iteration = 300 | max rel diff. = 0.0212121
[2026-04-06 11:17:14.693] [jointLog] [info] iteration = 356 | max rel diff. = 0.00409813
[2026-04-06 11:17:14.695] [jointLog] [info] Finished optimizer
[2026-04-06 11:17:14.695] [jointLog] [info] writing output 

